[38;2;223;219;221m[38;2;104;255;214m> [m[38;2;96;95;107mT[m[38;2;96;95;107mype to filter[m[38;2;96;95;107m                                                                                       [m[m
[38;2;223;219;221mâ”‚Item 0                                                                                             [m   
[38;2;223;219;221mItem 1                                                                                              [m   
[38;2;223;219;221mItem 2                                                                                              [m   
[38;2;223;219;221mItem 3                                                                                              [m   
[38;2;223;219;221mItem 4                                                                                              [m   
                                                                                                       
                                                                                                       
                                                                                                       
                                                                                                       