[48;2;71;118;255m [m[38;2;77;76;87;48;2;71;118;255m â€¦[m[48;2;71;118;255m [m[48;2;71;118;255m [m[38;2;77;76;87;48;2;71;118;255m â€¦[m[48;2;71;118;255m [m[38;2;96;95;107;48;2;113;154;252m  @@ -9,5 +10,6 @@ [m[48;2;113;154;252m                               [m
[48;2;223;219;221m [m[38;2;58;57;67;48;2;223;219;221m 9[m[48;2;223;219;221m [m[48;2;223;219;221m [m[38;2;58;57;67;48;2;223;219;221m10[m[48;2;223;219;221m [m[38;2;32;31;38;48;2;241;239;239m  [38;2;76;79;105;48;2;241;239;239m}[m[m[48;2;241;239;239m                                               [m
[48;2;223;219;221m [m[38;2;58;57;67;48;2;223;219;221m10[m[48;2;223;219;221m [m[48;2;223;219;221m [m[38;2;58;57;67;48;2;223;219;221m11[m[48;2;223;219;221m [m[38;2;32;31;38;48;2;241;239;239m  [m[48;2;241;239;239m                                                [m
[48;2;223;219;221m [m[38;2;58;57;67;48;2;223;219;221m11[m[48;2;223;219;221m [m[48;2;223;219;221m [m[38;2;58;57;67;48;2;223;219;221m12[m[48;2;223;219;221m [m[38;2;32;31;38;48;2;241;239;239m  [38;2;210;15;57;48;2;241;239;239mfunc[m[38;2;76;79;105;48;2;241;239;239m [m[38;2;30;102;245;48;2;241;239;239mgetContent[m[38;2;76;79;105;48;2;241;239;239m()[m[38;2;76;79;105;48;2;241;239;239m [m[38;2;210;15;57;48;2;241;239;239mstring[m[38;2;76;79;105;48;2;241;239;239m [m[38;2;76;79;105;48;2;241;239;239m{[m[m[48;2;241;239;239m                      [m
[48;2;255;205;210m [m[38;2;255;56;139;48;2;255;205;210m â€¦[m[48;2;255;205;210m [m[48;2;255;205;210m [m[38;2;255;56;139;48;2;255;205;210m â€¦[m[48;2;255;205;210m [m[38;2;32;31;38;48;2;255;235;238m  â€¦[m[48;2;255;235;238m                                               [m