‚óè [38;2;133;131;146mVery Long Title[m [38;2;96;95;107mThis is an extremely lo‚Ä¶[m [extra]