[38;2;223;219;221mItem 0[m    
[38;2;223;219;221mItem 1[m    
[38;2;223;219;221mItem 2[m    
[38;2;223;219;221mItem 3[m    
[38;2;223;219;221mâ”‚Item 4[m   
          
          
          
          
          
          
          
          
          
          
          
          
          
          
          