[38;2;223;219;221mâ”‚Item 29[m  
[38;2;223;219;221mâ”‚Item 29[m  
[38;2;223;219;221mâ”‚Item 29[m  
[38;2;223;219;221mâ”‚Item 29[m  
[38;2;223;219;221mâ”‚Item 29[m  
[38;2;223;219;221mâ”‚Item 29[m  
[38;2;223;219;221mâ”‚Item 29[m  
[38;2;223;219;221mâ”‚Item 29[m  
[38;2;223;219;221mâ”‚Item 29[m  
[38;2;223;219;221mâ”‚Item 29[m  