[38;2;223;219;221mâ”‚Item 10[m  
[38;2;223;219;221mâ”‚Item 10[m  
[38;2;223;219;221mâ”‚Item 10[m  
[38;2;223;219;221mâ”‚Item 10[m  
[38;2;223;219;221mâ”‚Item 10[m  
[38;2;223;219;221mâ”‚Item 10[m  
[38;2;223;219;221mâ”‚Item 10[m  
[38;2;223;219;221mâ”‚Item 10[m  
[38;2;223;219;221mâ”‚Item 10[m  
[38;2;223;219;221mâ”‚Item 10[m  