[48;2;71;118;255m [m[38;2;77;76;87;48;2;71;118;255m â€¦[m[48;2;71;118;255m [m[38;2;96;95;107;48;2;113;154;252m  @@ -2,6 +2,7 @@ [m[48;2;113;154;252m                                [m[48;2;71;118;255m [m[38;2;77;76;87;48;2;71;118;255m â€¦[m[48;2;71;118;255m [m[38;2;96;95;107;48;2;113;154;252m [m[48;2;113;154;252m                                                 [m
[48;2;223;219;221m [m[38;2;58;57;67;48;2;223;219;221m 2[m[48;2;223;219;221m [m[38;2;32;31;38;48;2;241;239;239m  [m[48;2;241;239;239m                                                [m[48;2;223;219;221m [m[38;2;58;57;67;48;2;223;219;221m 2[m[48;2;223;219;221m [m[38;2;32;31;38;48;2;241;239;239m  [m[48;2;241;239;239m                                                [m
[48;2;223;219;221m [m[38;2;58;57;67;48;2;223;219;221m 3[m[48;2;223;219;221m [m[38;2;32;31;38;48;2;241;239;239m  [38;2;23;146;153;48;2;241;239;239mimport[m[38;2;76;79;105;48;2;241;239;239m [m[38;2;76;79;105;48;2;241;239;239m([m[m[48;2;241;239;239m                                        [m[48;2;223;219;221m [m[38;2;58;57;67;48;2;223;219;221m 3[m[48;2;223;219;221m [m[38;2;32;31;38;48;2;241;239;239m  [38;2;23;146;153;48;2;241;239;239mimport[m[38;2;76;79;105;48;2;241;239;239m [m[38;2;76;79;105;48;2;241;239;239m([m[m[48;2;241;239;239m                                        [m
[48;2;223;219;221m [m[38;2;58;57;67;48;2;223;219;221m 4[m[48;2;223;219;221m [m[38;2;32;31;38;48;2;241;239;239m  [38;2;76;79;105;48;2;241;239;239m    [m[38;2;64;160;43;48;2;241;239;239m"fmt"[m[m[48;2;241;239;239m                                       [m[48;2;223;219;221m [m[38;2;58;57;67;48;2;223;219;221m 4[m[48;2;223;219;221m [m[38;2;32;31;38;48;2;241;239;239m  [38;2;76;79;105;48;2;241;239;239m    [m[38;2;64;160;43;48;2;241;239;239m"fmt"[m[m[48;2;241;239;239m                                       [m
[48;2;223;219;221m [m[48;2;223;219;221m  [m[48;2;223;219;221m [m[48;2;223;219;221m  [m[48;2;223;219;221m                                                [m[48;2;200;230;201m [m[38;2;10;220;217;48;2;200;230;201m 5[m[48;2;200;230;201m [m[38;2;10;220;217;48;2;232;245;233m+ [m[38;2;32;31;38;48;2;232;245;233m[38;2;76;79;105;48;2;232;245;233m    [m[38;2;64;160;43;48;2;232;245;233m"strings"[m[m[48;2;232;245;233m                                   [m
[48;2;223;219;221m [m[38;2;58;57;67;48;2;223;219;221m 5[m[48;2;223;219;221m [m[38;2;32;31;38;48;2;241;239;239m  [38;2;76;79;105;48;2;241;239;239m)[m[m[48;2;241;239;239m                                               [m[48;2;223;219;221m [m[38;2;58;57;67;48;2;223;219;221m 6[m[48;2;223;219;221m [m[38;2;32;31;38;48;2;241;239;239m  [38;2;76;79;105;48;2;241;239;239m)[m[m[48;2;241;239;239m                                               [m
[48;2;223;219;221m [m[38;2;58;57;67;48;2;223;219;221m â€¦[m[48;2;223;219;221m [m[38;2;32;31;38;48;2;241;239;239m  â€¦[m[48;2;241;239;239m                                               [m[48;2;223;219;221m [m[38;2;58;57;67;48;2;223;219;221m â€¦[m[48;2;223;219;221m [m[38;2;32;31;38;48;2;241;239;239m  â€¦[m[48;2;241;239;239m                                               [m