[48;2;71;118;255m [m[38;2;77;76;87;48;2;71;118;255m â€¦[m[48;2;71;118;255m [m[38;2;96;95;107;48;2;113;154;252m  @@ -2,6 +2,7 @@ [m[48;2;113;154;252m                                [m[48;2;71;118;255m [m[38;2;77;76;87;48;2;71;118;255m â€¦[m[48;2;71;118;255m [m[38;2;96;95;107;48;2;113;154;252m [m[48;2;113;154;252m                                                 [m