{
  "From": "main.go",
  "To": "main.go",
  "Hunks": [
    {
      "FromLine": 5,
      "ToLine": 5,
      "Lines": [
        {
          "Kind": 2,
          "Content": "\t)\n"
        },
        {
          "Kind": 2,
          "Content": "\n"
        },
        {
          "Kind": 2,
          "Content": "\tfunc main() {\n"
        },
        {
          "Kind": 0,
          "Content": "\t\tfmt.Println(\"Hello, World!\")\n"
        },
        {
          "Kind": 1,
          "Content": "\t\tcontent := \"Hello, World!\"\n"
        },
        {
          "Kind": 1,
          "Content": "\t\tfmt.Println(content)\n"
        },
        {
          "Kind": 2,
          "Content": "\t}"
        }
      ]
    }
  ]
}
