[48;2;71;118;255m [m[38;2;77;76;87;48;2;71;118;255m â€¦[m[48;2;71;118;255m [m[48;2;71;118;255m [m[38;2;77;76;87;48;2;71;118;255m â€¦[m[48;2;71;118;255m [m[38;2;96;95;107;48;2;113;154;252m  @@ -5,5 +5,6 @@ [m[48;2;113;154;252m                                  [m
[48;2;223;219;221m [m[38;2;58;57;67;48;2;223;219;221m 5[m[48;2;223;219;221m [m[48;2;223;219;221m [m[38;2;58;57;67;48;2;223;219;221m 5[m[48;2;223;219;221m [m[38;2;32;31;38;48;2;241;239;239m â€¦[38;2;76;79;105;48;2;241;239;239m[m[m[48;2;241;239;239m                                                  [m
[48;2;223;219;221m [m[38;2;58;57;67;48;2;223;219;221m 6[m[48;2;223;219;221m [m[48;2;223;219;221m [m[38;2;58;57;67;48;2;223;219;221m 6[m[48;2;223;219;221m [m[38;2;32;31;38;48;2;241;239;239m  [m[48;2;241;239;239m                                                  [m
[48;2;223;219;221m [m[38;2;58;57;67;48;2;223;219;221m 7[m[48;2;223;219;221m [m[48;2;223;219;221m [m[38;2;58;57;67;48;2;223;219;221m 7[m[48;2;223;219;221m [m[38;2;32;31;38;48;2;241;239;239m â€¦[38;2;210;15;57;48;2;241;239;239m[m[38;2;76;79;105;48;2;241;239;239m[m[38;2;30;102;245;48;2;241;239;239mn[m[38;2;76;79;105;48;2;241;239;239m()[m[38;2;76;79;105;48;2;241;239;239m [m[38;2;76;79;105;48;2;241;239;239m{[m[m[48;2;241;239;239m                                             [m
[48;2;255;205;210m [m[38;2;255;56;139;48;2;255;205;210m 8[m[48;2;255;205;210m [m[48;2;255;205;210m [m[38;2;255;56;139;48;2;255;205;210m  [m[48;2;255;205;210m [m[38;2;255;56;139;48;2;255;235;238m-â€¦[m[38;2;32;31;38;48;2;255;235;238m[38;2;76;79;105;48;2;255;235;238m[m[38;2;76;79;105;48;2;255;235;238m[m[38;2;76;79;105;48;2;255;235;238m[m[38;2;30;102;245;48;2;255;235;238mPrintln[m[38;2;76;79;105;48;2;255;235;238m([m[38;2;64;160;43;48;2;255;235;238m"Hello, world!"[m[38;2;76;79;105;48;2;255;235;238m)[m[m[48;2;255;235;238m                          [m
[48;2;200;230;201m [m[38;2;10;220;217;48;2;200;230;201m  [m[48;2;200;230;201m [m[48;2;200;230;201m [m[38;2;10;220;217;48;2;200;230;201m 8[m[48;2;200;230;201m [m[38;2;10;220;217;48;2;232;245;233m+â€¦[m[38;2;32;31;38;48;2;232;245;233m[38;2;76;79;105;48;2;232;245;233m[m[38;2;76;79;105;48;2;232;245;233ment[m[38;2;76;79;105;48;2;232;245;233m [m[1;38;2;4;165;229;48;2;232;245;233m:=[m[38;2;76;79;105;48;2;232;245;233m [m[38;2;64;160;43;48;2;232;245;233m"Hello, world!"[m[m[48;2;232;245;233m                            [m
[48;2;200;230;201m [m[38;2;10;220;217;48;2;200;230;201m  [m[48;2;200;230;201m [m[48;2;200;230;201m [m[38;2;10;220;217;48;2;200;230;201m 9[m[48;2;200;230;201m [m[38;2;10;220;217;48;2;232;245;233m+â€¦[m[38;2;32;31;38;48;2;232;245;233m[38;2;76;79;105;48;2;232;245;233m[m[38;2;76;79;105;48;2;232;245;233m[m[38;2;76;79;105;48;2;232;245;233m[m[38;2;30;102;245;48;2;232;245;233mPrintln[m[38;2;76;79;105;48;2;232;245;233m([m[38;2;76;79;105;48;2;232;245;233mcontent[m[38;2;76;79;105;48;2;232;245;233m)[m[m[48;2;232;245;233m                                  [m
[48;2;223;219;221m [m[38;2;58;57;67;48;2;223;219;221m 9[m[48;2;223;219;221m [m[48;2;223;219;221m [m[38;2;58;57;67;48;2;223;219;221m10[m[48;2;223;219;221m [m[38;2;32;31;38;48;2;241;239;239m â€¦[38;2;76;79;105;48;2;241;239;239m[m[m[48;2;241;239;239m                                                  [m