[48;2;71;118;255m [m[38;2;77;76;87;48;2;71;118;255m â€¦[m[48;2;71;118;255m [m[48;2;71;118;255m [m[38;2;77;76;87;48;2;71;118;255m â€¦[m[48;2;71;118;255m [m[38;2;96;95;107;48;2;113;154;252m  @@ -2,6 +2,7 @@ [m[48;2;113;154;252m                                [m
[48;2;223;219;221m [m[38;2;58;57;67;48;2;223;219;221m 2[m[48;2;223;219;221m [m[48;2;223;219;221m [m[38;2;58;57;67;48;2;223;219;221m 2[m[48;2;223;219;221m [m[38;2;32;31;38;48;2;241;239;239m  [m[48;2;241;239;239m                                                [m
[48;2;223;219;221m [m[38;2;58;57;67;48;2;223;219;221m 3[m[48;2;223;219;221m [m[48;2;223;219;221m [m[38;2;58;57;67;48;2;223;219;221m 3[m[48;2;223;219;221m [m[38;2;32;31;38;48;2;241;239;239m  [38;2;23;146;153;48;2;241;239;239mimport[m[38;2;76;79;105;48;2;241;239;239m [m[38;2;76;79;105;48;2;241;239;239m([m[m[48;2;241;239;239m                                        [m
[48;2;223;219;221m [m[38;2;58;57;67;48;2;223;219;221m 4[m[48;2;223;219;221m [m[48;2;223;219;221m [m[38;2;58;57;67;48;2;223;219;221m 4[m[48;2;223;219;221m [m[38;2;32;31;38;48;2;241;239;239m  [38;2;76;79;105;48;2;241;239;239m    [m[38;2;64;160;43;48;2;241;239;239m"fmt"[m[m[48;2;241;239;239m                                       [m
[48;2;200;230;201m [m[38;2;10;220;217;48;2;200;230;201m  [m[48;2;200;230;201m [m[48;2;200;230;201m [m[38;2;10;220;217;48;2;200;230;201m 5[m[48;2;200;230;201m [m[38;2;10;220;217;48;2;232;245;233m+ [m[38;2;32;31;38;48;2;232;245;233m[38;2;76;79;105;48;2;232;245;233m    [m[38;2;64;160;43;48;2;232;245;233m"strings"[m[m[48;2;232;245;233m                                   [m
[48;2;223;219;221m [m[38;2;58;57;67;48;2;223;219;221m 5[m[48;2;223;219;221m [m[48;2;223;219;221m [m[38;2;58;57;67;48;2;223;219;221m 6[m[48;2;223;219;221m [m[38;2;32;31;38;48;2;241;239;239m  [38;2;76;79;105;48;2;241;239;239m)[m[m[48;2;241;239;239m                                               [m
[48;2;223;219;221m [m[38;2;58;57;67;48;2;223;219;221m 6[m[48;2;223;219;221m [m[48;2;223;219;221m [m[38;2;58;57;67;48;2;223;219;221m 7[m[48;2;223;219;221m [m[38;2;32;31;38;48;2;241;239;239m  [m[48;2;241;239;239m                                                [m
[48;2;223;219;221m [m[38;2;58;57;67;48;2;223;219;221m 7[m[48;2;223;219;221m [m[48;2;223;219;221m [m[38;2;58;57;67;48;2;223;219;221m 8[m[48;2;223;219;221m [m[38;2;32;31;38;48;2;241;239;239m  [38;2;210;15;57;48;2;241;239;239mfunc[m[38;2;76;79;105;48;2;241;239;239m [m[38;2;30;102;245;48;2;241;239;239mmain[m[38;2;76;79;105;48;2;241;239;239m()[m[38;2;76;79;105;48;2;241;239;239m [m[38;2;76;79;105;48;2;241;239;239m{[m[m[48;2;241;239;239m                                   [m
[48;2;71;118;255m [m[38;2;77;76;87;48;2;71;118;255m â€¦[m[48;2;71;118;255m [m[48;2;71;118;255m [m[38;2;77;76;87;48;2;71;118;255m â€¦[m[48;2;71;118;255m [m[38;2;96;95;107;48;2;113;154;252m  @@ -9,5 +10,6 @@ [m[48;2;113;154;252m                               [m
[48;2;223;219;221m [m[38;2;58;57;67;48;2;223;219;221m 9[m[48;2;223;219;221m [m[48;2;223;219;221m [m[38;2;58;57;67;48;2;223;219;221m10[m[48;2;223;219;221m [m[38;2;32;31;38;48;2;241;239;239m  [38;2;76;79;105;48;2;241;239;239m}[m[m[48;2;241;239;239m                                               [m
[48;2;223;219;221m [m[38;2;58;57;67;48;2;223;219;221m10[m[48;2;223;219;221m [m[48;2;223;219;221m [m[38;2;58;57;67;48;2;223;219;221m11[m[48;2;223;219;221m [m[38;2;32;31;38;48;2;241;239;239m  [m[48;2;241;239;239m                                                [m
[48;2;223;219;221m [m[38;2;58;57;67;48;2;223;219;221m11[m[48;2;223;219;221m [m[48;2;223;219;221m [m[38;2;58;57;67;48;2;223;219;221m12[m[48;2;223;219;221m [m[38;2;32;31;38;48;2;241;239;239m  [38;2;210;15;57;48;2;241;239;239mfunc[m[38;2;76;79;105;48;2;241;239;239m [m[38;2;30;102;245;48;2;241;239;239mgetContent[m[38;2;76;79;105;48;2;241;239;239m()[m[38;2;76;79;105;48;2;241;239;239m [m[38;2;210;15;57;48;2;241;239;239mstring[m[38;2;76;79;105;48;2;241;239;239m [m[38;2;76;79;105;48;2;241;239;239m{[m[m[48;2;241;239;239m                      [m
[48;2;255;205;210m [m[38;2;255;56;139;48;2;255;205;210m12[m[48;2;255;205;210m [m[48;2;255;205;210m [m[38;2;255;56;139;48;2;255;205;210m  [m[48;2;255;205;210m [m[38;2;255;56;139;48;2;255;235;238m- [m[38;2;32;31;38;48;2;255;235;238m[38;2;76;79;105;48;2;255;235;238m    [m[38;2;136;57;239;48;2;255;235;238mreturn[m[38;2;76;79;105;48;2;255;235;238m [m[38;2;64;160;43;48;2;255;235;238m"Hello, world!"[m[m[48;2;255;235;238m                      [m
[48;2;200;230;201m [m[38;2;10;220;217;48;2;200;230;201m  [m[48;2;200;230;201m [m[48;2;200;230;201m [m[38;2;10;220;217;48;2;200;230;201m13[m[48;2;200;230;201m [m[38;2;10;220;217;48;2;232;245;233m+ [m[38;2;32;31;38;48;2;232;245;233m[38;2;76;79;105;48;2;232;245;233m    [m[38;2;76;79;105;48;2;232;245;233mcontent[m[38;2;76;79;105;48;2;232;245;233m [m[1;38;2;4;165;229;48;2;232;245;233m:=[m[38;2;76;79;105;48;2;232;245;233m [m[38;2;76;79;105;48;2;232;245;233mstrings[m[38;2;76;79;105;48;2;232;245;233m.[m[38;2;30;102;245;48;2;232;245;233mToUpper[m[38;2;76;79;105;48;2;232;245;233m([m[38;2;64;160;43;48;2;232;245;233m"Hello, World!"[m[38;2;76;79;105;48;2;232;245;233m)[m[m[48;2;232;245;233m [m
[48;2;200;230;201m [m[38;2;10;220;217;48;2;200;230;201m  [m[48;2;200;230;201m [m[48;2;200;230;201m [m[38;2;10;220;217;48;2;200;230;201m14[m[48;2;200;230;201m [m[38;2;10;220;217;48;2;232;245;233m+ [m[38;2;32;31;38;48;2;232;245;233m[38;2;76;79;105;48;2;232;245;233m    [m[38;2;136;57;239;48;2;232;245;233mreturn[m[38;2;76;79;105;48;2;232;245;233m [m[38;2;76;79;105;48;2;232;245;233mcontent[m[m[48;2;232;245;233m                              [m
[48;2;223;219;221m [m[38;2;58;57;67;48;2;223;219;221m13[m[48;2;223;219;221m [m[48;2;223;219;221m [m[38;2;58;57;67;48;2;223;219;221m15[m[48;2;223;219;221m [m[38;2;32;31;38;48;2;241;239;239m  [38;2;76;79;105;48;2;241;239;239m}[m[m[48;2;241;239;239m                                               [m
[48;2;223;219;221m [m[48;2;223;219;221m  [m[48;2;223;219;221m [m[48;2;223;219;221m [m[48;2;223;219;221m  [m[48;2;223;219;221m [m[48;2;223;219;221m  [m[48;2;223;219;221m                                                [m
[48;2;223;219;221m [m[48;2;223;219;221m  [m[48;2;223;219;221m [m[48;2;223;219;221m [m[48;2;223;219;221m  [m[48;2;223;219;221m [m[48;2;223;219;221m  [m[48;2;223;219;221m                                                [m
[48;2;223;219;221m [m[48;2;223;219;221m  [m[48;2;223;219;221m [m[48;2;223;219;221m [m[48;2;223;219;221m  [m[48;2;223;219;221m [m[48;2;223;219;221m  [m[48;2;223;219;221m                                                [m