[48;2;223;219;221m [m[38;2;58;57;67;48;2;223;219;221m 5[m[48;2;223;219;221m [m[38;2;32;31;38;48;2;241;239;239m  [38;2;76;79;105;48;2;241;239;239m)[m[m[48;2;241;239;239m                                               [m[48;2;223;219;221m [m[38;2;58;57;67;48;2;223;219;221m 6[m[48;2;223;219;221m [m[38;2;32;31;38;48;2;241;239;239m  [38;2;76;79;105;48;2;241;239;239m)[m[m[48;2;241;239;239m                                               [m
[48;2;223;219;221m [m[38;2;58;57;67;48;2;223;219;221m 6[m[48;2;223;219;221m [m[38;2;32;31;38;48;2;241;239;239m  [m[48;2;241;239;239m                                                [m[48;2;223;219;221m [m[38;2;58;57;67;48;2;223;219;221m 7[m[48;2;223;219;221m [m[38;2;32;31;38;48;2;241;239;239m  [m[48;2;241;239;239m                                                [m
[48;2;223;219;221m [m[38;2;58;57;67;48;2;223;219;221m 7[m[48;2;223;219;221m [m[38;2;32;31;38;48;2;241;239;239m  [38;2;210;15;57;48;2;241;239;239mfunc[m[38;2;76;79;105;48;2;241;239;239m [m[38;2;30;102;245;48;2;241;239;239mmain[m[38;2;76;79;105;48;2;241;239;239m()[m[38;2;76;79;105;48;2;241;239;239m [m[38;2;76;79;105;48;2;241;239;239m{[m[m[48;2;241;239;239m                                   [m[48;2;223;219;221m [m[38;2;58;57;67;48;2;223;219;221m 8[m[48;2;223;219;221m [m[38;2;32;31;38;48;2;241;239;239m  [38;2;210;15;57;48;2;241;239;239mfunc[m[38;2;76;79;105;48;2;241;239;239m [m[38;2;30;102;245;48;2;241;239;239mmain[m[38;2;76;79;105;48;2;241;239;239m()[m[38;2;76;79;105;48;2;241;239;239m [m[38;2;76;79;105;48;2;241;239;239m{[m[m[48;2;241;239;239m                                   [m
[48;2;71;118;255m [m[38;2;77;76;87;48;2;71;118;255m â€¦[m[48;2;71;118;255m [m[38;2;96;95;107;48;2;113;154;252m  @@ -9,5 +10,6 @@ [m[48;2;113;154;252m                               [m[48;2;71;118;255m [m[38;2;77;76;87;48;2;71;118;255m â€¦[m[48;2;71;118;255m [m[38;2;96;95;107;48;2;113;154;252m [m[48;2;113;154;252m                                                 [m
[48;2;223;219;221m [m[38;2;58;57;67;48;2;223;219;221m â€¦[m[48;2;223;219;221m [m[38;2;32;31;38;48;2;241;239;239m  â€¦[m[48;2;241;239;239m                                               [m[48;2;223;219;221m [m[38;2;58;57;67;48;2;223;219;221m â€¦[m[48;2;223;219;221m [m[38;2;32;31;38;48;2;241;239;239m  â€¦[m[48;2;241;239;239m                                               [m