[48;2;223;219;221m [m[48;2;223;219;221m  [m[48;2;223;219;221m [m[48;2;223;219;221m  [m[48;2;223;219;221m                                                [m[48;2;200;230;201m [m[38;2;10;220;217;48;2;200;230;201m14[m[48;2;200;230;201m [m[38;2;10;220;217;48;2;232;245;233m+ [m[38;2;32;31;38;48;2;232;245;233m[38;2;76;79;105;48;2;232;245;233m    [m[38;2;136;57;239;48;2;232;245;233mreturn[m[38;2;76;79;105;48;2;232;245;233m [m[38;2;76;79;105;48;2;232;245;233mcontent[m[m[48;2;232;245;233m                              [m
[48;2;223;219;221m [m[38;2;58;57;67;48;2;223;219;221m13[m[48;2;223;219;221m [m[38;2;32;31;38;48;2;241;239;239m  [38;2;76;79;105;48;2;241;239;239m}[m[m[48;2;241;239;239m                                               [m[48;2;223;219;221m [m[38;2;58;57;67;48;2;223;219;221m15[m[48;2;223;219;221m [m[38;2;32;31;38;48;2;241;239;239m  [38;2;76;79;105;48;2;241;239;239m}[m[m[48;2;241;239;239m                                               [m
[48;2;223;219;221m [m[48;2;223;219;221m  [m[48;2;223;219;221m [m[48;2;223;219;221m [m[48;2;223;219;221m                                                 [m[48;2;223;219;221m [m[48;2;223;219;221m  [m[48;2;223;219;221m [m[48;2;223;219;221m [m[48;2;223;219;221m                                                 [m
[48;2;223;219;221m [m[48;2;223;219;221m  [m[48;2;223;219;221m [m[48;2;223;219;221m [m[48;2;223;219;221m                                                 [m[48;2;223;219;221m [m[48;2;223;219;221m  [m[48;2;223;219;221m [m[48;2;223;219;221m [m[48;2;223;219;221m                                                 [m
[48;2;223;219;221m [m[48;2;223;219;221m  [m[48;2;223;219;221m [m[48;2;223;219;221m [m[48;2;223;219;221m                                                 [m[48;2;223;219;221m [m[48;2;223;219;221m  [m[48;2;223;219;221m [m[48;2;223;219;221m [m[48;2;223;219;221m                                                 [m