[48;2;73;73;255m [m[38;2;191;188;200;48;2;73;73;255mâ€¦[m[48;2;73;73;255m [m[48;2;73;73;255m [m[38;2;191;188;200;48;2;73;73;255mâ€¦[m[48;2;73;73;255m [m[38;2;191;188;200;48;2;51;49;178m  @@ -1,3 +1,3 @@ [m[48;2;51;49;178m  [m
[48;2;51;41;41m [m[38;2;255;56;139;48;2;51;41;41m1[m[48;2;51;41;41m [m[48;2;51;41;41m [m[38;2;255;56;139;48;2;51;41;41m [m[48;2;51;41;41m [m[38;2;255;56;139;48;2;58;48;48m- [m[38;2;241;239;239;48;2;58;48;48m[38;2;202;211;245;48;2;58;48;48ma[m[m[48;2;58;48;48m                 [m
[48;2;41;50;41m [m[38;2;10;220;217;48;2;41;50;41m [m[48;2;41;50;41m [m[48;2;41;50;41m [m[38;2;10;220;217;48;2;41;50;41m1[m[48;2;41;50;41m [m[38;2;10;220;217;48;2;48;58;48m+ [m[38;2;241;239;239;48;2;48;58;48m[38;2;202;211;245;48;2;48;58;48md[m[m[48;2;48;58;48m                 [m
[48;2;51;41;41m [m[38;2;255;56;139;48;2;51;41;41m2[m[48;2;51;41;41m [m[48;2;51;41;41m [m[38;2;255;56;139;48;2;51;41;41m [m[48;2;51;41;41m [m[38;2;255;56;139;48;2;58;48;48m- [m[38;2;241;239;239;48;2;58;48;48m[38;2;202;211;245;48;2;58;48;48mb[m[m[48;2;58;48;48m                 [m
[48;2;41;50;41m [m[38;2;10;220;217;48;2;41;50;41m [m[48;2;41;50;41m [m[48;2;41;50;41m [m[38;2;10;220;217;48;2;41;50;41m2[m[48;2;41;50;41m [m[38;2;10;220;217;48;2;48;58;48m+ [m[38;2;241;239;239;48;2;48;58;48m[38;2;202;211;245;48;2;48;58;48me[m[m[48;2;48;58;48m                 [m
[48;2;51;41;41m [m[38;2;255;56;139;48;2;51;41;41m3[m[48;2;51;41;41m [m[48;2;51;41;41m [m[38;2;255;56;139;48;2;51;41;41m [m[48;2;51;41;41m [m[38;2;255;56;139;48;2;58;48;48m- [m[38;2;241;239;239;48;2;58;48;48m[38;2;202;211;245;48;2;58;48;48mc[m[m[48;2;58;48;48m                 [m
[48;2;41;50;41m [m[38;2;10;220;217;48;2;41;50;41m [m[48;2;41;50;41m [m[48;2;41;50;41m [m[38;2;10;220;217;48;2;41;50;41m3[m[48;2;41;50;41m [m[38;2;10;220;217;48;2;48;58;48m+ [m[38;2;241;239;239;48;2;48;58;48m[38;2;202;211;245;48;2;48;58;48mf[m[m[48;2;48;58;48m                 [m