[48;2;71;118;255m [m[38;2;77;76;87;48;2;71;118;255mâ€¦[m[48;2;71;118;255m [m[48;2;71;118;255m [m[38;2;77;76;87;48;2;71;118;255mâ€¦[m[48;2;71;118;255m [m[38;2;96;95;107;48;2;113;154;252m  @@ -1,3 +1,3 @@ [m[48;2;113;154;252m  [m
[48;2;255;205;210m [m[38;2;255;56;139;48;2;255;205;210m1[m[48;2;255;205;210m [m[48;2;255;205;210m [m[38;2;255;56;139;48;2;255;205;210m [m[48;2;255;205;210m [m[38;2;255;56;139;48;2;255;235;238m- [m[38;2;32;31;38;48;2;255;235;238m[38;2;76;79;105;48;2;255;235;238ma[m[m[48;2;255;235;238m                 [m
[48;2;200;230;201m [m[38;2;10;220;217;48;2;200;230;201m [m[48;2;200;230;201m [m[48;2;200;230;201m [m[38;2;10;220;217;48;2;200;230;201m1[m[48;2;200;230;201m [m[38;2;10;220;217;48;2;232;245;233m+ [m[38;2;32;31;38;48;2;232;245;233m[38;2;76;79;105;48;2;232;245;233md[m[m[48;2;232;245;233m                 [m
[48;2;255;205;210m [m[38;2;255;56;139;48;2;255;205;210m2[m[48;2;255;205;210m [m[48;2;255;205;210m [m[38;2;255;56;139;48;2;255;205;210m [m[48;2;255;205;210m [m[38;2;255;56;139;48;2;255;235;238m- [m[38;2;32;31;38;48;2;255;235;238m[38;2;76;79;105;48;2;255;235;238mb[m[m[48;2;255;235;238m                 [m
[48;2;200;230;201m [m[38;2;10;220;217;48;2;200;230;201m [m[48;2;200;230;201m [m[48;2;200;230;201m [m[38;2;10;220;217;48;2;200;230;201m2[m[48;2;200;230;201m [m[38;2;10;220;217;48;2;232;245;233m+ [m[38;2;32;31;38;48;2;232;245;233m[38;2;76;79;105;48;2;232;245;233me[m[m[48;2;232;245;233m                 [m
[48;2;255;205;210m [m[38;2;255;56;139;48;2;255;205;210m3[m[48;2;255;205;210m [m[48;2;255;205;210m [m[38;2;255;56;139;48;2;255;205;210m [m[48;2;255;205;210m [m[38;2;255;56;139;48;2;255;235;238m- [m[38;2;32;31;38;48;2;255;235;238m[38;2;76;79;105;48;2;255;235;238mc[m[m[48;2;255;235;238m                 [m
[48;2;200;230;201m [m[38;2;10;220;217;48;2;200;230;201m [m[48;2;200;230;201m [m[48;2;200;230;201m [m[38;2;10;220;217;48;2;200;230;201m3[m[48;2;200;230;201m [m[38;2;10;220;217;48;2;232;245;233m+ [m[38;2;32;31;38;48;2;232;245;233m[38;2;76;79;105;48;2;232;245;233mf[m[m[48;2;232;245;233m                 [m