[48;2;73;73;255m [m[38;2;191;188;200;48;2;73;73;255m â€¦[m[48;2;73;73;255m [m[38;2;191;188;200;48;2;51;49;178m  @@ -1,13 +1,15 @@ [m[48;2;51;49;178m                              [m[48;2;73;73;255m [m[38;2;191;188;200;48;2;73;73;255m â€¦[m[48;2;73;73;255m [m[38;2;191;188;200;48;2;51;49;178m [m[48;2;51;49;178m                                                 [m
[48;2;58;57;67m [m[38;2;223;219;221;48;2;58;57;67m 1[m[48;2;58;57;67m [m[38;2;241;239;239;48;2;32;31;38m  [38;2;139;213;202;48;2;32;31;38mpackage[m[38;2;202;211;245;48;2;32;31;38m [m[38;2;202;211;245;48;2;32;31;38mmain[m[m[48;2;32;31;38m                                    [m[48;2;58;57;67m [m[38;2;223;219;221;48;2;58;57;67m 1[m[48;2;58;57;67m [m[38;2;241;239;239;48;2;32;31;38m  [38;2;139;213;202;48;2;32;31;38mpackage[m[38;2;202;211;245;48;2;32;31;38m [m[38;2;202;211;245;48;2;32;31;38mmain[m[m[48;2;32;31;38m                                    [m
[48;2;58;57;67m [m[38;2;223;219;221;48;2;58;57;67m 2[m[48;2;58;57;67m [m[38;2;241;239;239;48;2;32;31;38m  [m[48;2;32;31;38m                                                [m[48;2;58;57;67m [m[38;2;223;219;221;48;2;58;57;67m 2[m[48;2;58;57;67m [m[38;2;241;239;239;48;2;32;31;38m  [m[48;2;32;31;38m                                                [m
[48;2;58;57;67m [m[38;2;223;219;221;48;2;58;57;67m 3[m[48;2;58;57;67m [m[38;2;241;239;239;48;2;32;31;38m  [38;2;139;213;202;48;2;32;31;38mimport[m[38;2;202;211;245;48;2;32;31;38m [m[38;2;202;211;245;48;2;32;31;38m([m[m[48;2;32;31;38m                                        [m[48;2;58;57;67m [m[38;2;223;219;221;48;2;58;57;67m 3[m[48;2;58;57;67m [m[38;2;241;239;239;48;2;32;31;38m  [38;2;139;213;202;48;2;32;31;38mimport[m[38;2;202;211;245;48;2;32;31;38m [m[38;2;202;211;245;48;2;32;31;38m([m[m[48;2;32;31;38m                                        [m
[48;2;58;57;67m [m[38;2;223;219;221;48;2;58;57;67m 4[m[48;2;58;57;67m [m[38;2;241;239;239;48;2;32;31;38m  [38;2;202;211;245;48;2;32;31;38m    [m[38;2;166;218;149;48;2;32;31;38m"fmt"[m[m[48;2;32;31;38m                                       [m[48;2;58;57;67m [m[38;2;223;219;221;48;2;58;57;67m 4[m[48;2;58;57;67m [m[38;2;241;239;239;48;2;32;31;38m  [38;2;202;211;245;48;2;32;31;38m    [m[38;2;166;218;149;48;2;32;31;38m"fmt"[m[m[48;2;32;31;38m                                       [m
[48;2;58;57;67m [m[48;2;58;57;67m  [m[48;2;58;57;67m [m[48;2;58;57;67m  [m[48;2;58;57;67m                                                [m[48;2;41;50;41m [m[38;2;10;220;217;48;2;41;50;41m 5[m[48;2;41;50;41m [m[38;2;10;220;217;48;2;48;58;48m+ [m[38;2;241;239;239;48;2;48;58;48m[38;2;202;211;245;48;2;48;58;48m    [m[38;2;166;218;149;48;2;48;58;48m"strings"[m[m[48;2;48;58;48m                                   [m
[48;2;58;57;67m [m[38;2;223;219;221;48;2;58;57;67m 5[m[48;2;58;57;67m [m[38;2;241;239;239;48;2;32;31;38m  [38;2;202;211;245;48;2;32;31;38m)[m[m[48;2;32;31;38m                                               [m[48;2;58;57;67m [m[38;2;223;219;221;48;2;58;57;67m 6[m[48;2;58;57;67m [m[38;2;241;239;239;48;2;32;31;38m  [38;2;202;211;245;48;2;32;31;38m)[m[m[48;2;32;31;38m                                               [m
[48;2;58;57;67m [m[38;2;223;219;221;48;2;58;57;67m 6[m[48;2;58;57;67m [m[38;2;241;239;239;48;2;32;31;38m  [m[48;2;32;31;38m                                                [m[48;2;58;57;67m [m[38;2;223;219;221;48;2;58;57;67m 7[m[48;2;58;57;67m [m[38;2;241;239;239;48;2;32;31;38m  [m[48;2;32;31;38m                                                [m
[48;2;58;57;67m [m[38;2;223;219;221;48;2;58;57;67m 7[m[48;2;58;57;67m [m[38;2;241;239;239;48;2;32;31;38m  [38;2;237;135;150;48;2;32;31;38mfunc[m[38;2;202;211;245;48;2;32;31;38m [m[38;2;138;173;244;48;2;32;31;38mmain[m[38;2;202;211;245;48;2;32;31;38m()[m[38;2;202;211;245;48;2;32;31;38m [m[38;2;202;211;245;48;2;32;31;38m{[m[m[48;2;32;31;38m                                   [m[48;2;58;57;67m [m[38;2;223;219;221;48;2;58;57;67m 8[m[48;2;58;57;67m [m[38;2;241;239;239;48;2;32;31;38m  [38;2;237;135;150;48;2;32;31;38mfunc[m[38;2;202;211;245;48;2;32;31;38m [m[38;2;138;173;244;48;2;32;31;38mmain[m[38;2;202;211;245;48;2;32;31;38m()[m[38;2;202;211;245;48;2;32;31;38m [m[38;2;202;211;245;48;2;32;31;38m{[m[m[48;2;32;31;38m                                   [m
[48;2;58;57;67m [m[38;2;223;219;221;48;2;58;57;67m 8[m[48;2;58;57;67m [m[38;2;241;239;239;48;2;32;31;38m  [38;2;202;211;245;48;2;32;31;38m    [m[38;2;202;211;245;48;2;32;31;38mfmt[m[38;2;202;211;245;48;2;32;31;38m.[m[38;2;138;173;244;48;2;32;31;38mPrintln[m[38;2;202;211;245;48;2;32;31;38m([m[38;2;138;173;244;48;2;32;31;38mgetContent[m[38;2;202;211;245;48;2;32;31;38m())[m[m[48;2;32;31;38m                   [m[48;2;58;57;67m [m[38;2;223;219;221;48;2;58;57;67m 9[m[48;2;58;57;67m [m[38;2;241;239;239;48;2;32;31;38m  [38;2;202;211;245;48;2;32;31;38m    [m[38;2;202;211;245;48;2;32;31;38mfmt[m[38;2;202;211;245;48;2;32;31;38m.[m[38;2;138;173;244;48;2;32;31;38mPrintln[m[38;2;202;211;245;48;2;32;31;38m([m[38;2;138;173;244;48;2;32;31;38mgetContent[m[38;2;202;211;245;48;2;32;31;38m())[m[m[48;2;32;31;38m                   [m
[48;2;58;57;67m [m[38;2;223;219;221;48;2;58;57;67m 9[m[48;2;58;57;67m [m[38;2;241;239;239;48;2;32;31;38m  [38;2;202;211;245;48;2;32;31;38m}[m[m[48;2;32;31;38m                                               [m[48;2;58;57;67m [m[38;2;223;219;221;48;2;58;57;67m10[m[48;2;58;57;67m [m[38;2;241;239;239;48;2;32;31;38m  [38;2;202;211;245;48;2;32;31;38m}[m[m[48;2;32;31;38m                                               [m
[48;2;58;57;67m [m[38;2;223;219;221;48;2;58;57;67m10[m[48;2;58;57;67m [m[38;2;241;239;239;48;2;32;31;38m  [m[48;2;32;31;38m                                                [m[48;2;58;57;67m [m[38;2;223;219;221;48;2;58;57;67m11[m[48;2;58;57;67m [m[38;2;241;239;239;48;2;32;31;38m  [m[48;2;32;31;38m                                                [m
[48;2;58;57;67m [m[38;2;223;219;221;48;2;58;57;67m11[m[48;2;58;57;67m [m[38;2;241;239;239;48;2;32;31;38m  [38;2;237;135;150;48;2;32;31;38mfunc[m[38;2;202;211;245;48;2;32;31;38m [m[38;2;138;173;244;48;2;32;31;38mgetContent[m[38;2;202;211;245;48;2;32;31;38m()[m[38;2;202;211;245;48;2;32;31;38m [m[38;2;237;135;150;48;2;32;31;38mstring[m[38;2;202;211;245;48;2;32;31;38m [m[38;2;202;211;245;48;2;32;31;38m{[m[m[48;2;32;31;38m                      [m[48;2;58;57;67m [m[38;2;223;219;221;48;2;58;57;67m12[m[48;2;58;57;67m [m[38;2;241;239;239;48;2;32;31;38m  [38;2;237;135;150;48;2;32;31;38mfunc[m[38;2;202;211;245;48;2;32;31;38m [m[38;2;138;173;244;48;2;32;31;38mgetContent[m[38;2;202;211;245;48;2;32;31;38m()[m[38;2;202;211;245;48;2;32;31;38m [m[38;2;237;135;150;48;2;32;31;38mstring[m[38;2;202;211;245;48;2;32;31;38m [m[38;2;202;211;245;48;2;32;31;38m{[m[m[48;2;32;31;38m                      [m
[48;2;51;41;41m [m[38;2;255;56;139;48;2;51;41;41m12[m[48;2;51;41;41m [m[38;2;255;56;139;48;2;58;48;48m- [m[38;2;241;239;239;48;2;58;48;48m[38;2;202;211;245;48;2;58;48;48m    [m[38;2;198;160;246;48;2;58;48;48mreturn[m[38;2;202;211;245;48;2;58;48;48m [m[38;2;166;218;149;48;2;58;48;48m"Hello, world!"[m[m[48;2;58;48;48m                      [m[48;2;41;50;41m [m[38;2;10;220;217;48;2;41;50;41m13[m[48;2;41;50;41m [m[38;2;10;220;217;48;2;48;58;48m+ [m[38;2;241;239;239;48;2;48;58;48m[38;2;202;211;245;48;2;48;58;48m    [m[38;2;202;211;245;48;2;48;58;48mcontent[m[38;2;202;211;245;48;2;48;58;48m [m[1;38;2;145;215;227;48;2;48;58;48m:=[m[38;2;202;211;245;48;2;48;58;48m [m[38;2;202;211;245;48;2;48;58;48mstrings[m[38;2;202;211;245;48;2;48;58;48m.[m[38;2;138;173;244;48;2;48;58;48mToUpper[m[38;2;202;211;245;48;2;48;58;48m([m[38;2;166;218;149;48;2;48;58;48m"Hello, World!"[m[38;2;202;211;245;48;2;48;58;48m)[m[m[48;2;48;58;48m [m
[48;2;58;57;67m [m[48;2;58;57;67m  [m[48;2;58;57;67m [m[48;2;58;57;67m  [m[48;2;58;57;67m                                                [m[48;2;41;50;41m [m[38;2;10;220;217;48;2;41;50;41m14[m[48;2;41;50;41m [m[38;2;10;220;217;48;2;48;58;48m+ [m[38;2;241;239;239;48;2;48;58;48m[38;2;202;211;245;48;2;48;58;48m    [m[38;2;198;160;246;48;2;48;58;48mreturn[m[38;2;202;211;245;48;2;48;58;48m [m[38;2;202;211;245;48;2;48;58;48mcontent[m[m[48;2;48;58;48m                              [m
[48;2;58;57;67m [m[38;2;223;219;221;48;2;58;57;67m13[m[48;2;58;57;67m [m[38;2;241;239;239;48;2;32;31;38m  [38;2;202;211;245;48;2;32;31;38m}[m[m[48;2;32;31;38m                                               [m[48;2;58;57;67m [m[38;2;223;219;221;48;2;58;57;67m15[m[48;2;58;57;67m [m[38;2;241;239;239;48;2;32;31;38m  [38;2;202;211;245;48;2;32;31;38m}[m[m[48;2;32;31;38m                                               [m