ðŸš€ [38;2;0;0;255mDeployment[m [38;2;128;128;128mDeploying to production environment[m v1.2.3