[38;2;133;131;146mProcessing[m [38;2;96;95;107mThis is a very long description that should be â€¦[m