● [38;2;133;131;146mStatus[m [38;2;96;95;107mShort message[m