[38;2;133;131;146mInfo[m [38;2;96;95;107mThis status has no icon[m