● [38;2;133;131;146mTest[m [38;2;96;95;107mThis will be…[m