âš  [38;2;255;255;0mWarning[m [38;2;255;0;0mThis is a warning message[m