[38;2;133;131;146mBuild[m [38;2;96;95;107mBuilding project[m [2/5]