[38;2;223;219;221mâ”‚Item 0[m   
[38;2;223;219;221mItem 1[m    
[38;2;223;219;221mItem 2[m    
[38;2;223;219;221mItem 3[m    
[38;2;223;219;221mItem 4[m    
[38;2;223;219;221mItem 5[m    
[38;2;223;219;221mItem 6[m    
[38;2;223;219;221mItem 7[m    
[38;2;223;219;221mItem 8[m    
[38;2;223;219;221mItem 9[m    