[38;2;223;219;221mItem 6[m    
[38;2;223;219;221mItem 6[m    
[38;2;223;219;221mItem 6[m    
[38;2;223;219;221mâ”‚Item 7[m   
[38;2;223;219;221mâ”‚Item 7[m   
[38;2;223;219;221mâ”‚Item 7[m   
[38;2;223;219;221mâ”‚Item 7[m   
[38;2;223;219;221mâ”‚Item 7[m   
[38;2;223;219;221mâ”‚Item 7[m   
[38;2;223;219;221mâ”‚Item 7[m   