[38;2;223;219;221mItem 21[m   
[38;2;223;219;221mItem 22[m   
[38;2;223;219;221mItem 23[m   
[38;2;223;219;221mItem 24[m   
[38;2;223;219;221mItem 25[m   
[38;2;223;219;221mItem 26[m   
[38;2;223;219;221mItem 27[m   
[38;2;223;219;221mItem 28[m   
[38;2;223;219;221mâ”‚Item 29[m  
[38;2;223;219;221mItem 30[m   