[38;2;223;219;221mItem 29[m   
[38;2;223;219;221mItem 29[m   
[38;2;223;219;221mItem 29[m   
[38;2;223;219;221mItem 29[m   
[38;2;223;219;221mItem 29[m   
[38;2;223;219;221mItem 29[m   
[38;2;223;219;221mItem 29[m   
[38;2;223;219;221mItem 29[m   
[38;2;223;219;221mItem 29[m   
[38;2;223;219;221mâ”‚Testing  [m