[48;2;71;118;255m [m[38;2;77;76;87;48;2;71;118;255m[m[48;2;71;118;255m[m[38;2;96;95;107;48;2;113;154;252m[m[48;2;71;118;255m[m[38;2;77;76;87;48;2;71;118;255m[m[48;2;71;118;255m[m[38;2;96;95;107;48;2;113;154;252m[m
[48;2;223;219;221m [m[38;2;58;57;67;48;2;223;219;221m[m[48;2;223;219;221m[m[38;2;32;31;38;48;2;241;239;239m[m[48;2;223;219;221m[m[38;2;58;57;67;48;2;223;219;221m[m[48;2;223;219;221m[m[38;2;32;31;38;48;2;241;239;239m[m
[48;2;223;219;221m [m[38;2;58;57;67;48;2;223;219;221m[m[48;2;223;219;221m[m[38;2;32;31;38;48;2;241;239;239m[m[48;2;223;219;221m[m[38;2;58;57;67;48;2;223;219;221m[m[48;2;223;219;221m[m[38;2;32;31;38;48;2;241;239;239m[m
[48;2;223;219;221m [m[38;2;58;57;67;48;2;223;219;221m[m[48;2;223;219;221m[m[38;2;32;31;38;48;2;241;239;239m[m[48;2;223;219;221m[m[38;2;58;57;67;48;2;223;219;221m[m[48;2;223;219;221m[m[38;2;32;31;38;48;2;241;239;239m[m
[48;2;223;219;221m [m[48;2;223;219;221m[m[48;2;223;219;221m[m[48;2;223;219;221m[m[48;2;200;230;201m[m[38;2;10;220;217;48;2;200;230;201m[m[48;2;200;230;201m[m[38;2;10;220;217;48;2;232;245;233m[m[38;2;32;31;38;48;2;232;245;233m[m
[48;2;223;219;221m [m[38;2;58;57;67;48;2;223;219;221m[m[48;2;223;219;221m[m[38;2;32;31;38;48;2;241;239;239m[m[48;2;223;219;221m[m[38;2;58;57;67;48;2;223;219;221m[m[48;2;223;219;221m[m[38;2;32;31;38;48;2;241;239;239m[m
[48;2;223;219;221m [m[38;2;58;57;67;48;2;223;219;221m[m[48;2;223;219;221m[m[38;2;32;31;38;48;2;241;239;239m[m[48;2;223;219;221m[m[38;2;58;57;67;48;2;223;219;221m[m[48;2;223;219;221m[m[38;2;32;31;38;48;2;241;239;239m[m
[48;2;223;219;221m [m[38;2;58;57;67;48;2;223;219;221m[m[48;2;223;219;221m[m[38;2;32;31;38;48;2;241;239;239m[m[48;2;223;219;221m[m[38;2;58;57;67;48;2;223;219;221m[m[48;2;223;219;221m[m[38;2;32;31;38;48;2;241;239;239m[m
[48;2;71;118;255m [m[38;2;77;76;87;48;2;71;118;255m[m[48;2;71;118;255m[m[38;2;96;95;107;48;2;113;154;252m[m[48;2;71;118;255m[m[38;2;77;76;87;48;2;71;118;255m[m[48;2;71;118;255m[m[38;2;96;95;107;48;2;113;154;252m[m
[48;2;223;219;221m [m[38;2;58;57;67;48;2;223;219;221m[m[48;2;223;219;221m[m[38;2;32;31;38;48;2;241;239;239m[m[48;2;223;219;221m[m[38;2;58;57;67;48;2;223;219;221m[m[48;2;223;219;221m[m[38;2;32;31;38;48;2;241;239;239m[m
[48;2;223;219;221m [m[38;2;58;57;67;48;2;223;219;221m[m[48;2;223;219;221m[m[38;2;32;31;38;48;2;241;239;239m[m[48;2;223;219;221m[m[38;2;58;57;67;48;2;223;219;221m[m[48;2;223;219;221m[m[38;2;32;31;38;48;2;241;239;239m[m
[48;2;223;219;221m [m[38;2;58;57;67;48;2;223;219;221m[m[48;2;223;219;221m[m[38;2;32;31;38;48;2;241;239;239m[m[48;2;223;219;221m[m[38;2;58;57;67;48;2;223;219;221m[m[48;2;223;219;221m[m[38;2;32;31;38;48;2;241;239;239m[m
[48;2;255;205;210m [m[38;2;255;56;139;48;2;255;205;210m[m[48;2;255;205;210m[m[38;2;255;56;139;48;2;255;235;238m[m[38;2;32;31;38;48;2;255;235;238m[m[48;2;200;230;201m[m[38;2;10;220;217;48;2;200;230;201m[m[48;2;200;230;201m[m[38;2;10;220;217;48;2;232;245;233m[m[38;2;32;31;38;48;2;232;245;233m[m
[48;2;223;219;221m [m[48;2;223;219;221m[m[48;2;223;219;221m[m[48;2;223;219;221m[m[48;2;200;230;201m[m[38;2;10;220;217;48;2;200;230;201m[m[48;2;200;230;201m[m[38;2;10;220;217;48;2;232;245;233m[m[38;2;32;31;38;48;2;232;245;233m[m
[48;2;223;219;221m [m[38;2;58;57;67;48;2;223;219;221m[m[48;2;223;219;221m[m[38;2;32;31;38;48;2;241;239;239m[m[48;2;223;219;221m[m[38;2;58;57;67;48;2;223;219;221m[m[48;2;223;219;221m[m[38;2;32;31;38;48;2;241;239;239m[m